// Jest Snapshot v1, https://goo.gl/fbAQLP

exports[`Check Editor usage Change Editor content 1`] = `
<DocumentFragment>
  <div
    class="images-editor-container"
  >
    <div
      class="images-editor-container__images_column"
    >
      <div
        class="images-error"
      >
        <p>
          No related file has been found on your local hard drive.
          <br />
           There is several possibilities:
          <br />
           - There is no existing image related to this file on your hard drive;
          <br />
           - The specified regex doesn't match any file;
          <br />
           - The images repository of this file doesn't exist.
        </p>
      </div>
      <div
        class="images-list"
      />
    </div>
    <div
      class="editor-container"
    >
      <textarea
        class="af-form__input-textarea"
        id="Editor-container-test"
        name="Textarea"
        placeholder=""
      >
        {
  "analysis": "This is a test"
}
      </textarea>
      <div
        class="editor-container__errors-container"
      />
      <div
        class="editor-container__button"
      >
        <button
          class="btn af-btn"
        >
          Save
        </button>
      </div>
    </div>
  </div>
</DocumentFragment>
`;
