// Jest Snapshot v1, https://goo.gl/fbAQLP

exports[`ActionBar ActionBar render correctly 1`] = `
<DocumentFragment>
  <div
    class="ft-actionBar"
  >
    <button
      class="btn af-btn"
      id="startTagging"
      name="Start Tagging"
    >
      <span
        class="af-btn-text"
      >
        Start Tagging
      </span>
    </button>
    <a
      class="ft-actionBar__link"
      href=""
    >
      Exporter
    </a>
  </div>
</DocumentFragment>
`;
