// Jest Snapshot v1, https://goo.gl/fbAQLP

exports[`Overview Overview render correctly 1`] = `
<DocumentFragment>
  <article
    class="af-restitution"
  >
    <header
      class="af-restitution__header"
    >
      <div
        class="af-restitution__header-left"
      >
        <div
          class="af-restitution__title"
        >
          <span
            class="af-restitution__title-main"
          >
            Informations générales
          </span>
          <span
            class="af-restitution__title-subtitle"
          />
        </div>
      </div>
    </header>
    <section
      class="af-restitution__content"
    >
      <div
        class="col col-sm-12 col-md-12 col-lg-12 col-xl-12"
      >
        <div
          class="row af-restitution__content-left"
        >
          <div
            class="col-sm-12 col-md-12 col-lg-6 col-xl-6"
          >
            <dl
              class="af-restitution__listdef"
            >
              <dt
                class="af-restitution__listdef-item"
              >
                <span
                  class="af-restitution__text"
                >
                  Nom
                </span>
              </dt>
              <dd
                class="af-restitution__listdef-value"
              >
                Relevé d'information
              </dd>
            </dl>
            <dl
              class="af-restitution__listdef"
            >
              <dt
                class="af-restitution__listdef-item"
              >
                <span
                  class="af-restitution__text"
                >
                  Type d'annotation
                </span>
              </dt>
              <dd
                class="af-restitution__listdef-value"
              >
                NER
              </dd>
            </dl>
            <dl
              class="af-restitution__listdef"
            >
              <dt
                class="af-restitution__listdef-item"
              >
                <span
                  class="af-restitution__text"
                >
                  Date de création
                </span>
              </dt>
              <dd
                class="af-restitution__listdef-value"
              >
                02/01/0001
              </dd>
            </dl>
            <dl
              class="af-restitution__listdef"
            >
              <dt
                class="af-restitution__listdef-item"
              >
                <span
                  class="af-restitution__text"
                >
                  Nombre de fichiers
                </span>
              </dt>
              <dd
                class="af-restitution__listdef-value"
              >
                0
              </dd>
            </dl>
            <dl
              class="af-restitution__listdef"
            >
              <dt
                class="af-restitution__listdef-item"
              >
                <span
                  class="af-restitution__text"
                >
                  Nombre d'annotations croisées
                </span>
              </dt>
              <dd
                class="af-restitution__listdef-value"
              >
                -
              </dd>
            </dl>
            <dl
              class="af-restitution__listdef"
            >
              <dt
                class="af-restitution__listdef-item"
              >
                <span
                  class="af-restitution__text"
                >
                  Avancement annotations
                </span>
              </dt>
              <dd
                class="af-restitution__listdef-value"
              >
                32%
              </dd>
            </dl>
          </div>
          <div
            class="col-sm-12 col-md-12 col-lg-6 col-xl-6"
          >
            <dl
              class="af-restitution__listdef"
            >
              <dt
                class="af-restitution__listdef-item"
              >
                <span
                  class="af-restitution__text"
                >
                  Dataset
                </span>
              </dt>
              <dd
                class="af-restitution__listdef-value"
              >
                Carte verte
              </dd>
            </dl>
            <dl
              class="af-restitution__listdef"
            >
              <dt
                class="af-restitution__listdef-item"
              >
                <span
                  class="af-restitution__text"
                >
                  Type de dataset
                </span>
              </dt>
              <dd
                class="af-restitution__listdef-value"
              >
                Image
              </dd>
            </dl>
            <dl
              class="af-restitution__listdef"
            >
              <dt
                class="af-restitution__listdef-item"
              >
                <span
                  class="af-restitution__text"
                >
                  Groupe d'annotateurs
                </span>
              </dt>
              <dd
                class="af-restitution__listdef-value"
              >
                developpeurs
              </dd>
            </dl>
            <dl
              class="af-restitution__listdef"
            >
              <dt
                class="af-restitution__listdef-item"
              >
                <span
                  class="af-restitution__text"
                >
                  Emails du groupe
                </span>
              </dt>
              <dd
                class="af-restitution__listdef-value"
              >
                <ul
                  class="af-restitution__listul"
                >
                  <li
                    class="af-restitution__listul-item"
                  >
                    guillaume.chervet@axa.fr
                  </li>
                  <li
                    class="af-restitution__listul-item"
                  >
                    lilian.delouvy@axa.fr
                  </li>
                </ul>
              </dd>
            </dl>
          </div>
        </div>
      </div>
    </section>
  </article>
</DocumentFragment>
`;
