// Jest Snapshot v1, https://goo.gl/fbAQLP

exports[`Overview Overview render correctly 1`] = `
<DocumentFragment>
  <h2>
    Informations générales
  </h2>
  <table
    class="af-table"
  >
    <thead
      class="af-table-thead"
    >
      <tr
        class="af-table__tr"
      >
        <th
          class="af-table__th"
        >
          Labels
        </th>
        <th
          class="af-table__th"
        >
          Users
        </th>
        <th
          class="af-table__th"
        >
          Tags restant
        </th>
        <th
          class="af-table__th"
        >
          Pourcentage d'avancement
        </th>
        <th
          class="af-table__th"
        >
          Date de création
        </th>
      </tr>
    </thead>
    <tbody
      class="af-table__body"
    >
      <tr
        class="af-table__tr"
      >
        <td
          class="af-table__cell"
        >
          3
        </td>
        <td
          class="af-table__cell"
        >
          0
        </td>
        <td
          class="af-table__cell"
        >
          10
        </td>
        <td
          class="af-table__cell"
        >
          96.67%
        </td>
        <td
          class="af-table__cell"
        >
          04/04/2011
        </td>
      </tr>
    </tbody>
  </table>
</DocumentFragment>
`;
