// Jest Snapshot v1, https://goo.gl/fbAQLP

exports[`Overview Overview render correctly 1`] = `
<DocumentFragment>
  <article
    class="af-restitution"
  >
    <header
      class="af-restitution__header"
    >
      <div
        class="af-restitution__header-left"
      >
        <div
          class="af-restitution__title"
        >
          <span
            class="af-restitution__title-main"
          >
            Informations générales
          </span>
          <span
            class="af-restitution__title-subtitle"
          />
        </div>
      </div>
    </header>
    <section
      class="af-restitution__content"
    >
      <div
        class="col col-sm-12 col-md-12 col-lg-12 col-xl-12"
      >
        <div
          class="row af-restitution__content-left"
        >
          <div
            class="col-sm-12 col-md-12 col-lg-6 col-xl-6"
          >
            <dl
              class="af-restitution__listdef"
            >
              <dt
                class="af-restitution__listdef-item"
              >
                <span
                  class="af-restitution__text"
                >
                  Nom
                </span>
              </dt>
              <dd
                class="af-restitution__listdef-value"
              >
                Relevé d'information
              </dd>
            </dl>
            <dl
              class="af-restitution__listdef"
            >
              <dt
                class="af-restitution__listdef-item"
              >
                <span
                  class="af-restitution__text"
                >
                  Type d'annotation
                </span>
              </dt>
              <dd
                class="af-restitution__listdef-value"
              >
                NER
              </dd>
            </dl>
            <dl
              class="af-restitution__listdef"
            >
              <dt
                class="af-restitution__listdef-item"
              >
                <span
                  class="af-restitution__text"
                >
                  Date de création
                </span>
              </dt>
              <dd
                class="af-restitution__listdef-value"
              >
                02/01/0001
              </dd>
            </dl>
            <dl
              class="af-restitution__listdef"
            >
              <dt
                class="af-restitution__listdef-item"
              >
                <span
                  class="af-restitution__text"
                >
                  Nombre de fichier
                </span>
              </dt>
              <dd
                class="af-restitution__listdef-value"
              >
                0
              </dd>
            </dl>
            <dl
              class="af-restitution__listdef"
            >
              <dt
                class="af-restitution__listdef-item"
              >
                <span
                  class="af-restitution__text"
                >
                  Nombre annotation croisée
                </span>
              </dt>
              <dd
                class="af-restitution__listdef-value"
              >
                -
              </dd>
            </dl>
          </div>
          <div
            class="col-sm-12 col-md-12 col-lg-6 col-xl-6"
          >
            <dl
              class="af-restitution__listdef"
            >
              <dt
                class="af-restitution__listdef-item"
              >
                <span
                  class="af-restitution__text"
                >
                  Dataset
                </span>
              </dt>
              <dd
                class="af-restitution__listdef-value"
              >
                Carte verte
              </dd>
            </dl>
            <dl
              class="af-restitution__listdef"
            >
              <dt
                class="af-restitution__listdef-item"
              >
                <span
                  class="af-restitution__text"
                >
                  Type de dataset
                </span>
              </dt>
              <dd
                class="af-restitution__listdef-value"
              >
                Image
              </dd>
            </dl>
            <dl
              class="af-restitution__listdef"
            >
              <dt
                class="af-restitution__listdef-item"
              >
                <span
                  class="af-restitution__text"
                >
                  Classification
                </span>
              </dt>
              <dd
                class="af-restitution__listdef-value"
              >
                Publique
              </dd>
            </dl>
            <dl
              class="af-restitution__listdef"
            >
              <dt
                class="af-restitution__listdef-item"
              >
                <span
                  class="af-restitution__text"
                >
                  Groupe annotateurs
                </span>
              </dt>
              <dd
                class="af-restitution__listdef-value"
              >
                groupName
              </dd>
            </dl>
            <dl
              class="af-restitution__listdef"
            >
              <dt
                class="af-restitution__listdef-item"
              >
                <span
                  class="af-restitution__text"
                >
                  Pourcentage d'avancement
                </span>
              </dt>
              <dd
                class="af-restitution__listdef-value"
              >
                100%
              </dd>
            </dl>
          </div>
        </div>
      </div>
    </section>
  </article>
</DocumentFragment>
`;
