// Jest Snapshot v1, https://goo.gl/fbAQLP

exports[`Users Users render correctly 1`] = `
<DocumentFragment>
  <div>
    <h2>
      Annotations
    </h2>
    <span
      class="empty-array__error"
    >
      <b>
        Il n'y a pas d'annotation sur ce projet pour l'instant.
      </b>
    </span>
    <table
      class="af-table"
    >
      <thead
        class="af-table-thead"
      >
        <tr
          class="af-table__tr"
        >
          <th
            class="af-table__th"
          >
            Emails
          </th>
          <th
            class="af-table__th"
          >
            Nombre d'annotations
          </th>
        </tr>
      </thead>
      <tbody
        class="af-table__body"
      />
    </table>
  </div>
</DocumentFragment>
`;
