// Jest Snapshot v1, https://goo.gl/fbAQLP

exports[`Should check AnnotationsContainer behaviour Should render properly and change items 1`] = `
<DocumentFragment>
  <div
    class="annotation__top-toolbar"
  >
    <button
      class="btn af-btn af-btn--hasiconLeft af-btn--disabled"
      disabled=""
      glyphicon="glyphicon glyphicon-arrowthin-left"
    >
      Précédent
    </button>
    <button
      class="btn af-btn af-btn--hasiconRight"
      glyphicon="glyphicon glyphicon-arrowthin-right"
    >
      Suivant
    </button>
  </div>
  <div
    class="table-result"
  >
    <div
      class="table-result__header"
    >
      <div>
        <p>
          File result: first_file
        </p>
      </div>
    </div>
    <div>
      Loading NamedEntity...
    </div>
  </div>
</DocumentFragment>
`;

exports[`Should check AnnotationsContainer behaviour Should render properly and change items 2`] = `
<DocumentFragment>
  <div
    class="annotation__top-toolbar"
  >
    <button
      class="btn af-btn af-btn--hasiconLeft"
      glyphicon="glyphicon glyphicon-arrowthin-left"
    >
      Précédent
    </button>
    <button
      class="btn af-btn af-btn--hasiconRight"
      glyphicon="glyphicon glyphicon-arrowthin-right"
    >
      Suivant
    </button>
  </div>
  <div
    class="table-result"
  >
    <div
      class="table-result__header"
    >
      <div>
        <p>
          File result: second_file
        </p>
      </div>
    </div>
    <div>
      <div
        class="annotationContainer"
      >
        <div
          class="sticky"
        >
          <div
            style="width: 100%;"
          >
            <div
              style="display: flex; width: 100%; color: rgb(255, 255, 255); padding: 15px 20px; font-size: 20px; text-align: center; box-sizing: border-box; font-weight: bold; font-family: \\"Roboto Condensed\\", \\"Arial Narrow\\", sans-serif; text-transform: uppercase; border-top-left-radius: 0; border-top-right-radius: 0;"
            >
              <div
                style="display: flex; flex-wrap: wrap;"
              >
                <span>
                  <label
                    for="Firstname"
                    style="margin: 5px 10px 5px 0px; border: 1px solid; cursor: pointer; font-size: 25px; padding: 1px 10px; position: relative; border-radius: 5px; color: rgb(75, 72, 72); background: rgb(0, 129, 148);"
                  >
                    Firstname
                  </label>
                </span>
                <span>
                  <label
                    for="Lastname"
                    style="margin: 5px 10px 5px 0px; border: 1px solid; cursor: pointer; font-size: 25px; padding: 1px 10px; position: relative; border-radius: 5px; color: rgb(75, 72, 72); background: rgb(0, 255, 162);"
                  >
                    Lastname
                  </label>
                </span>
              </div>
            </div>
          </div>
        </div>
        <div>
          Selected tag : Firstname
        </div>
        <div
          class="tokenAnnotation-container"
        >
          <div
            class="zoom-button-container"
          >
            <a
              class="btn af-btn--circle"
              href="#"
              role="button"
              tabindex="0"
            >
              <i
                class="glyphicon glyphicon-zoom-out"
              />
            </a>
            <a
              class="btn af-btn--circle"
              href="#"
              role="button"
              tabindex="0"
            >
              <i
                class="glyphicon glyphicon-zoom-in"
              />
            </a>
          </div>
          <div
            class="token-container"
            style="font-size: 14px;"
          >
            <span
              class="c0132"
              data-i="0"
            >
              Hello
            </span>
            <span
              class="c0132"
              data-i="1"
            >
              ,
            </span>
            <span
              class="c0132"
              data-i="2"
            >
              my
            </span>
            <span
              class="c0132"
              data-i="3"
            >
              name
            </span>
            <span
              class="c0132"
              data-i="4"
            >
              is
            </span>
            <span
              class="c0132"
              data-i="5"
            >
              Lilian
            </span>
            <span
              class="c0132"
              data-i="6"
            >
              Delouvy
            </span>
            <span
              class="c0132"
              data-i="7"
            >
              ,
            </span>
            <span
              class="c0132"
              data-i="8"
            >
              and
            </span>
            <span
              class="c0132"
              data-i="9"
            >
              this
            </span>
            <span
              class="c0132"
              data-i="10"
            >
              is
            </span>
            <span
              class="c0132"
              data-i="11"
            >
              some
            </span>
            <span
              class="c0132"
              data-i="12"
            >
              sample
            </span>
            <span
              class="c0132"
              data-i="13"
            >
              text
            </span>
            <span
              class="c0132"
              data-i="14"
            >
              .
            </span>
            <span
              class="c0132"
              data-i="15"
            >
              The
            </span>
            <span
              class="c0132"
              data-i="16"
            >
              NER
            </span>
            <span
              class="c0132"
              data-i="17"
            >
              is
            </span>
            <span
              class="c0132"
              data-i="18"
            >
              currently
            </span>
            <span
              class="c0132"
              data-i="19"
            >
              in
            </span>
            <span
              class="c0132"
              data-i="20"
            >
              a
            </span>
            <span
              class="c0132"
              data-i="21"
            >
              '
            </span>
            <span
              class="c0132"
              data-i="22"
            >
              Work
            </span>
            <span
              class="c0132"
              data-i="23"
            >
              In
            </span>
            <span
              class="c0132"
              data-i="24"
            >
              Progress
            </span>
            <span
              class="c0132"
              data-i="25"
            >
              '
            </span>
            <span
              class="c0132"
              data-i="26"
            >
              state
            </span>
            <span
              class="c0132"
              data-i="27"
            >
              .
            </span>
            <span
              class="c0132"
              data-i="28"
            >
              And
            </span>
            <span
              class="c0132"
              data-i="29"
            >
              it
            </span>
            <span
              class="c0132"
              data-i="30"
            >
              will
            </span>
            <span
              class="c0132"
              data-i="31"
            >
              be
            </span>
            <span
              class="c0132"
              data-i="32"
            >
              awesome
            </span>
            <span
              class="c0132"
              data-i="33"
            >
              .
            </span>
            <span
              class="c0132"
              data-i="34"
            >
              bla
            </span>
            <span
              class="c0132"
              data-i="35"
            >
              bla
            </span>
            <span
              class="c0132"
              data-i="36"
            >
              .
            </span>
            <span
              class="c0132"
              data-i="37"
            >
              bla
            </span>
            <span
              class="c0132"
              data-i="38"
            >
              bla
            </span>
            <span
              class="c0132"
              data-i="39"
            >
              .
            </span>
            <span
              class="c0132"
              data-i="40"
            >
              bla
            </span>
            <span
              class="c0132"
              data-i="41"
            >
              bla
            </span>
            <span
              class="c0132"
              data-i="42"
            >
              .
            </span>
            <span
              class="c0132"
              data-i="43"
            >
              bla
            </span>
            <span
              class="c0132"
              data-i="44"
            >
              bla
            </span>
            <span
              class="c0132"
              data-i="45"
            >
              .
            </span>
            <span
              class="c0132"
              data-i="46"
            >
              bla
            </span>
            <span
              class="c0132"
              data-i="47"
            >
              bla
            </span>
          </div>
        </div>
        <div
          class="annotationActionContainer"
        >
          <button
            class="buttonAnnotationAction"
          >
            Submit Annotation
          </button>
        </div>
        <pre>
          []
        </pre>
      </div>
    </div>
  </div>
</DocumentFragment>
`;
