// Jest Snapshot v1, https://goo.gl/fbAQLP

exports[`Header Render header page 1`] = `
<DocumentFragment>
  <div
    class="af-header"
  >
    <div
      class="container af-header__wrapper"
    >
      <header
        class="af-header__content"
        role="banner"
      >
        <div
          class="af-header__name"
        >
          <a
            class="af-logo"
            href="/"
          >
            <img
              alt="Ecotag"
              class="af-logo__brand"
              src="logo-axa.svg"
            />
          </a>
          <h2
            class="af-header__title"
          >
            Ecotag
            <span
              class="af-header__subtitle"
            >
              An eco-system that aim to be eco for the planet
            </span>
          </h2>
        </div>
        <div
          class="af-info-user"
        >
          <span
            class="af-info-user__name"
          >
            Guillaume Chervet
          </span>
        </div>
      </header>
    </div>
  </div>
</DocumentFragment>
`;
