// Jest Snapshot v1, https://goo.gl/fbAQLP

exports[`Check Image Classifier behaviour Should render correctly and click on button 1`] = `
<DocumentFragment>
  <div
    class="image-classifier"
  >
    <div
      class="image-classifier__buttons-container"
    >
      <div
        class="image-classifier__button-container"
      >
        <button
          class="image-classifier-btn"
          style="background-color: rgb(1, 13, 28);"
        >
          Dog
        </button>
      </div>
      <div
        class="image-classifier__button-container"
      >
        <button
          class="image-classifier-btn"
          style="background-color: rgb(1, 7, 182);"
        >
          Cat
        </button>
      </div>
      <div
        class="image-classifier__button-container"
      >
        <button
          class="image-classifier-btn"
          style="background-color: rgb(32, 172, 217);"
        >
          Duck
        </button>
      </div>
      <div
        class="image-classifier__button-container"
      >
        <button
          class="image-classifier-btn"
          style="background-color: rgb(143, 142, 240);"
        >
          Other
        </button>
      </div>
    </div>
    <div
      class="image-classifier__image-container"
    >
      <img
        alt="Classifier image"
        id="currentImage"
        src="sample_image.png"
        style="width: 80%; transform: rotate(0deg);"
      />
    </div>
  </div>
  <div
    class="toolbar"
  >
    <div
      class="toolbar__button-container toolbar__button-container--progress-bar"
    >
      <div
        class="toolbar__button-progress-item"
      >
        <input
          class="toolbar__button-progress-item-input"
          max="80"
          min="1"
          name="width"
          type="range"
          value="80"
        />
        <label
          class="toolbar__button-progress-item-label"
        >
          Image Size
        </label>
      </div>
      <div
        class="toolbar__button-switch-item"
      >
        <input
          class="toolbar__button-switch-item-input"
          id="inlineMode"
          type="checkbox"
        />
        <label
          class="toolbar__button-switch-item-label"
          for="inlineMode"
        >
          Inline mode
        </label>
      </div>
    </div>
    <div
      class="toolbar__button-container"
    >
      <button
        class="toolbar__button-item"
        title="Raccourci : L"
      >
        <span
          class="glyphicon glyphicon-reset"
        />
        <div
          class="toolbar__button-item-label"
        >
          Rotate Left
        </div>
      </button>
      <button
        class="toolbar__button-item"
        title="Raccourci : R"
      >
        <span
          class="glyphicon glyphicon-repeat"
        />
        <div
          class="toolbar__button-item-label"
        >
          Rotate Right
        </div>
      </button>
    </div>
  </div>
</DocumentFragment>
`;
